// Jest Snapshot v1, https://goo.gl/fbAQLP

exports[`renders correctly when there is a single feature 1`] = `
<div
  className="bg-yellow flex flex-col items-center justify-evenly shadow-lg text-opacity-25 rounded p-5 md:px-10 h-[330px] w-[310px] "
>
  <img
    alt=""
    className="h-[46px] w-[52px]"
  />
  <h5
    className="font-bold text-2xl capitalize leading-7 text-black-900"
  />
  <p
    className="font-normal text-center text-xl leading-6"
  />
</div>
`;

exports[`renders correctly when there is no features 1`] = `
<div
  className="bg-yellow flex flex-col items-center justify-evenly shadow-lg text-opacity-25 rounded p-5 md:px-10 h-[330px] w-[310px] "
>
  <img
    alt=""
    className="h-[46px] w-[52px]"
  />
  <h5
    className="font-bold text-2xl capitalize leading-7 text-black-900"
  />
  <p
    className="font-normal text-center text-xl leading-6"
  />
</div>
`;
